// Jest Snapshot v1, https://goo.gl/fbAQLP

exports[`ThemeToggle renders theme toggle correctly 1`] = `
<div>
  <button
    class="styles__StyledThemeToggle-sc-1b7mai8-0 kHwexB"
    title="Switch to light theme"
  >
    <test-file-stub />
  </button>
</div>
`;
