// Jest Snapshot v1, https://goo.gl/fbAQLP

exports[`SEO Head renders correctly 1`] = `<div />`;
