// Jest Snapshot v1, https://goo.gl/fbAQLP

exports[`Footer renders correctly 1`] = `
<div>
  <footer
    class="styles__StyledFooter-sc-1pzkd2j-0 bbUQND"
  >
    <div
      class="styles__StyledContainer-sc-a6yh8x-0 earCTD"
    >
      <div
        class="styles__Flex-sc-1pzkd2j-1 dfBZPt"
      >
        <span>
          Â© 
          2025
           Nathan Abela
        </span>
        <ul
          class="styles__StyledSocialIcons-sc-1vfff3-0 fBtYTT"
        >
          <li>
            <a
              href="https://github.com/nathan-abela"
              rel="noopener noreferrer"
              target="_blank"
              title="Github"
            >
              <test-file-stub />
            </a>
          </li>
          <li>
            <a
              href="https://www.linkedin.com/in/nathan-abela"
              rel="noopener noreferrer"
              target="_blank"
              title="LinkedIn"
            >
              <test-file-stub />
            </a>
          </li>
          <li>
            <a
              href="https://www.youtube.com/@nathanabela"
              rel="noopener noreferrer"
              target="_blank"
              title="YouTube"
            >
              <test-file-stub />
            </a>
          </li>
          <li>
            <a
              href="mailto:nathanabela7@gmail.com"
              rel="noopener noreferrer"
              target="_blank"
              title="Email"
            >
              <test-file-stub />
            </a>
          </li>
        </ul>
      </div>
    </div>
  </footer>
</div>
`;
